C:/TouchGFXProjects/Tetris/Core/Src/main.c:930:13:SPI5_Write	1
C:/TouchGFXProjects/Tetris/Core/Src/main.c:1096:6:StartTask03	8
C:/TouchGFXProjects/Tetris/Core/Src/main.c:1142:6:StartTask04	13
C:/TouchGFXProjects/Tetris/Core/Src/main.c:290:6:SystemClock_Config	1
C:/TouchGFXProjects/Tetris/Core/Src/main.c:183:5:main	3
C:/TouchGFXProjects/Tetris/Core/Src/main.c:774:6:IOE_Init	1
C:/TouchGFXProjects/Tetris/Core/Src/main.c:783:6:IOE_ITConfig	1
C:/TouchGFXProjects/Tetris/Core/Src/main.c:795:6:IOE_Write	1
C:/TouchGFXProjects/Tetris/Core/Src/main.c:806:9:IOE_Read	1
C:/TouchGFXProjects/Tetris/Core/Src/main.c:819:10:IOE_ReadMultiple	1
C:/TouchGFXProjects/Tetris/Core/Src/main.c:828:6:IOE_Delay	1
C:/TouchGFXProjects/Tetris/Core/Src/main.c:956:6:LCD_IO_Init	1
C:/TouchGFXProjects/Tetris/Core/Src/main.c:966:6:LCD_IO_WriteData	1
C:/TouchGFXProjects/Tetris/Core/Src/main.c:982:6:LCD_IO_WriteReg	1
C:/TouchGFXProjects/Tetris/Core/Src/main.c:1001:10:LCD_IO_ReadData	1
C:/TouchGFXProjects/Tetris/Core/Src/main.c:1028:6:LCD_Delay	1
C:/TouchGFXProjects/Tetris/Core/Src/main.c:1033:6:updateTasksBasedOnMode	7
C:/TouchGFXProjects/Tetris/Core/Src/main.c:1064:6:StartDefaultTask	3
C:/TouchGFXProjects/Tetris/Core/Src/main.c:1185:6:HAL_TIM_PeriodElapsedCallback	2
C:/TouchGFXProjects/Tetris/Core/Src/main.c:1203:6:Error_Handler	1
