../Application/User/PAJ7620.c:12:26:PAJ7620_WriteRegister	32	static
../Application/User/PAJ7620.c:33:26:PAJ7620_ReadRegisters.constprop.isra	24	static
../Application/User/PAJ7620.c:43:26:PAJ7620_SelectRegisterBank.isra	0	static
../Application/User/PAJ7620.c:71:26:PAJ7620_WriteRegisterArray	16	static
../Application/User/PAJ7620.c:22:26:PAJ7620_ReadRegister.isra	24	static
../Application/User/PAJ7620.c:88:26:PAJ7620_ForwardBackwardGestureCheck	16	static
../Application/User/PAJ7620.c:141:6:PAJ7620_SetGestureMode	0	static
../Application/User/PAJ7620.c:113:19:PAJ7620_Init	16	static
../Application/User/PAJ7620.c:150:19:PAJ7620_ReadGesture	16	static
../Application/User/PAJ7620.c:199:6:PAJ7620_SetNormalSpeed	8	static
../Application/User/PAJ7620.c:210:6:PAJ7620_SetGameSpeed	8	static
../Application/User/PAJ7620.c:221:6:PAJ7620_ClearGestureInterrupts	16	static
../Application/User/PAJ7620.c:233:5:PAJ7620_GetWaveCount	16	static
../Application/User/PAJ7620.c:245:6:PAJ7620_IsObjectInView	16	static
../Application/User/PAJ7620.c:256:5:PAJ7620_GetObjectBrightness	16	static
../Application/User/PAJ7620.c:267:5:PAJ7620_GetObjectSize	16	static
../Application/User/PAJ7620.c:278:5:PAJ7620_GetObjectCenterX	16	static
../Application/User/PAJ7620.c:290:5:PAJ7620_GetObjectCenterY	16	static
../Application/User/PAJ7620.c:302:5:PAJ7620_GetObjectVelocityX	16	static
../Application/User/PAJ7620.c:320:5:PAJ7620_GetObjectVelocityY	16	static
