../../Middlewares/ST/touchgfx/framework/include/touchgfx/Drawable.hpp:147:23:virtual touchgfx::Drawable* touchgfx::Drawable::getFirstChild()	0	static
../../Middlewares/ST/touchgfx/framework/include/touchgfx/Drawable.hpp:315:18:virtual void touchgfx::Drawable::setX(int16_t)	0	static
../../Middlewares/ST/touchgfx/framework/include/touchgfx/Drawable.hpp:327:18:virtual void touchgfx::Drawable::setY(int16_t)	0	static
../../Middlewares/ST/touchgfx/framework/include/touchgfx/Drawable.hpp:356:18:virtual void touchgfx::Drawable::setWidth(int16_t)	0	static
../../Middlewares/ST/touchgfx/framework/include/touchgfx/Drawable.hpp:368:18:virtual void touchgfx::Drawable::setHeight(int16_t)	0	static
../../Middlewares/ST/touchgfx/framework/include/touchgfx/Drawable.hpp:378:18:virtual void touchgfx::Drawable::childGeometryChanged()	0	static
../../Middlewares/ST/touchgfx/framework/include/touchgfx/Drawable.hpp:389:18:virtual void touchgfx::Drawable::handleClickEvent(const touchgfx::ClickEvent&)	0	static
../../Middlewares/ST/touchgfx/framework/include/touchgfx/Drawable.hpp:401:18:virtual void touchgfx::Drawable::handleGestureEvent(const touchgfx::GestureEvent&)	0	static
../../Middlewares/ST/touchgfx/framework/include/touchgfx/Drawable.hpp:490:18:virtual void touchgfx::Drawable::handleDragEvent(const touchgfx::DragEvent&)	0	static
../../Middlewares/ST/touchgfx/framework/include/touchgfx/Drawable.hpp:501:18:virtual void touchgfx::Drawable::handleTickEvent()	0	static
../../Middlewares/ST/touchgfx/framework/include/touchgfx/Drawable.hpp:588:18:virtual void touchgfx::Drawable::moveTo(int16_t, int16_t)	4	static
../../Middlewares/ST/touchgfx/framework/include/touchgfx/Drawable.hpp:703:18:virtual void touchgfx::Drawable::setupDrawChain(const touchgfx::Rect&, touchgfx::Drawable**)	0	static
../../Middlewares/ST/touchgfx/framework/include/touchgfx/Screen.hpp:104:18:virtual void touchgfx::Screen::afterTransition()	0	static
../../Middlewares/ST/touchgfx/framework/include/touchgfx/Screen.hpp:154:18:virtual void touchgfx::Screen::handleKeyEvent(uint8_t)	0	static
../../Middlewares/ST/touchgfx/framework/include/touchgfx/TypedText.hpp:65:13:touchgfx::TypedText::~TypedText()	0	static
C:/TouchGFXProjects/Tetris/TouchGFX/gui/src/screen3_screen/Screen3View.cpp:301:6:virtual void Screen3View::tearDownScreen()	0	static
../../Middlewares/ST/touchgfx/framework/include/touchgfx/TypedText.hpp:65:13:virtual touchgfx::TypedText::~TypedText()	8	static
../../TouchGFX/gui/include/gui/screen3_screen/Screen3View.hpp:15:13:Screen3View::~Screen3View()	16	static
../../TouchGFX/gui/include/gui/screen3_screen/Screen3View.hpp:15:13:virtual Screen3View::~Screen3View()	8	static
../../Middlewares/ST/touchgfx/framework/include/touchgfx/Drawable.hpp:121:18:virtual void touchgfx::Drawable::invalidateContent() const	0	static
../../Middlewares/ST/touchgfx/framework/include/touchgfx/widgets/Widget.hpp:45:18:virtual void touchgfx::Widget::getLastChild(int16_t, int16_t, touchgfx::Drawable**)	0	static
../../Middlewares/ST/touchgfx/framework/include/touchgfx/Drawable.hpp:343:10:void touchgfx::Drawable::setXY(int16_t, int16_t)	16	static
../../Middlewares/ST/touchgfx/framework/include/touchgfx/widgets/Image.hpp:50:5:touchgfx::Image::Image(const touchgfx::Bitmap&)	8	static
C:/TouchGFXProjects/Tetris/TouchGFX/gui/src/screen3_screen/Screen3View.cpp:375:6:bool Screen3View::checkCollision(int, int, int)	24	static
C:/TouchGFXProjects/Tetris/TouchGFX/gui/src/screen3_screen/Screen3View.cpp:765:10:uint32_t Screen3View::simpleRandom()	0	static
C:/TouchGFXProjects/Tetris/TouchGFX/gui/src/screen3_screen/Screen3View.cpp:741:6:void Screen3View::shuffleBag()	24	static
C:/TouchGFXProjects/Tetris/TouchGFX/gui/src/screen3_screen/Screen3View.cpp:731:6:void Screen3View::initializeBag()	8	static
C:/TouchGFXProjects/Tetris/TouchGFX/gui/src/screen3_screen/Screen3View.cpp:754:5:int Screen3View::getNextShape()	16	static
C:/TouchGFXProjects/Tetris/TouchGFX/gui/src/screen3_screen/Screen3View.cpp:296:6:virtual void Screen3View::setupScreen()	0	static
C:/TouchGFXProjects/Tetris/TouchGFX/gui/src/screen3_screen/Screen3View.cpp:307:6:void Screen3View::drawTetromino(int, int, int)	64	static
C:/TouchGFXProjects/Tetris/TouchGFX/gui/src/screen3_screen/Screen3View.cpp:633:6:void Screen3View::rotateTetromino()	72	static
C:/TouchGFXProjects/Tetris/TouchGFX/gui/src/screen3_screen/Screen3View.cpp:331:6:void Screen3View::drawNextTetromino()	56	static
C:/TouchGFXProjects/Tetris/TouchGFX/gui/src/screen3_screen/Screen3View.cpp:235:1:Screen3View::Screen3View()	88	static
C:/TouchGFXProjects/Tetris/TouchGFX/gui/src/screen3_screen/Screen3View.cpp:702:6:void Screen3View::clearScreen()	40	static
C:/TouchGFXProjects/Tetris/TouchGFX/gui/src/screen3_screen/Screen3View.cpp:571:6:void Screen3View::createNewTetromino()	32	static
C:/TouchGFXProjects/Tetris/TouchGFX/gui/src/screen3_screen/Screen3View.cpp:397:6:void Screen3View::checkAndClearLines()	152	static
C:/TouchGFXProjects/Tetris/TouchGFX/gui/src/screen3_screen/Screen3View.cpp:482:6:void Screen3View::freezeTetromino()	56	static
C:/TouchGFXProjects/Tetris/TouchGFX/gui/src/screen3_screen/Screen3View.cpp:503:6:virtual void Screen3View::handleTickEvent()	32	static
