../../Middlewares/ST/touchgfx/framework/include/touchgfx/Screen.hpp:104:18:virtual void touchgfx::Screen::afterTransition()	0	static
../../Middlewares/ST/touchgfx/framework/include/touchgfx/Screen.hpp:144:18:virtual void touchgfx::Screen::handleTickEvent()	0	static
../../Middlewares/ST/touchgfx/framework/include/touchgfx/Screen.hpp:154:18:virtual void touchgfx::Screen::handleKeyEvent(uint8_t)	0	static
C:/TouchGFXProjects/Tetris/TouchGFX/gui/src/screenwait_screen/ScreenWaitView.cpp:13:6:virtual void ScreenWaitView::tearDownScreen()	0	static
../../TouchGFX/gui/include/gui/screenwait_screen/ScreenWaitView.hpp:11:13:ScreenWaitView::~ScreenWaitView()	8	static
../../TouchGFX/gui/include/gui/screenwait_screen/ScreenWaitView.hpp:11:13:virtual ScreenWaitView::~ScreenWaitView()	8	static
C:/TouchGFXProjects/Tetris/TouchGFX/gui/src/screenwait_screen/ScreenWaitView.cpp:3:1:ScreenWaitView::ScreenWaitView()	8	static
C:/TouchGFXProjects/Tetris/TouchGFX/gui/src/screenwait_screen/ScreenWaitView.cpp:8:6:virtual void ScreenWaitView::setupScreen()	0	static
