../../Middlewares/ST/touchgfx/framework/include/touchgfx/Drawable.hpp:147:23:virtual touchgfx::Drawable* touchgfx::Drawable::getFirstChild()	0	static
../../Middlewares/ST/touchgfx/framework/include/touchgfx/Drawable.hpp:315:18:virtual void touchgfx::Drawable::setX(int16_t)	0	static
../../Middlewares/ST/touchgfx/framework/include/touchgfx/Drawable.hpp:327:18:virtual void touchgfx::Drawable::setY(int16_t)	0	static
../../Middlewares/ST/touchgfx/framework/include/touchgfx/Drawable.hpp:356:18:virtual void touchgfx::Drawable::setWidth(int16_t)	0	static
../../Middlewares/ST/touchgfx/framework/include/touchgfx/Drawable.hpp:368:18:virtual void touchgfx::Drawable::setHeight(int16_t)	0	static
../../Middlewares/ST/touchgfx/framework/include/touchgfx/Drawable.hpp:378:18:virtual void touchgfx::Drawable::childGeometryChanged()	0	static
../../Middlewares/ST/touchgfx/framework/include/touchgfx/Drawable.hpp:389:18:virtual void touchgfx::Drawable::handleClickEvent(const touchgfx::ClickEvent&)	0	static
../../Middlewares/ST/touchgfx/framework/include/touchgfx/Drawable.hpp:401:18:virtual void touchgfx::Drawable::handleGestureEvent(const touchgfx::GestureEvent&)	0	static
../../Middlewares/ST/touchgfx/framework/include/touchgfx/Drawable.hpp:490:18:virtual void touchgfx::Drawable::handleDragEvent(const touchgfx::DragEvent&)	0	static
../../Middlewares/ST/touchgfx/framework/include/touchgfx/Drawable.hpp:501:18:virtual void touchgfx::Drawable::handleTickEvent()	0	static
../../Middlewares/ST/touchgfx/framework/include/touchgfx/Drawable.hpp:588:18:virtual void touchgfx::Drawable::moveTo(int16_t, int16_t)	4	static
../../Middlewares/ST/touchgfx/framework/include/touchgfx/Drawable.hpp:703:18:virtual void touchgfx::Drawable::setupDrawChain(const touchgfx::Rect&, touchgfx::Drawable**)	0	static
../../Middlewares/ST/touchgfx/framework/include/touchgfx/Screen.hpp:104:18:virtual void touchgfx::Screen::afterTransition()	0	static
../../Middlewares/ST/touchgfx/framework/include/touchgfx/Screen.hpp:154:18:virtual void touchgfx::Screen::handleKeyEvent(uint8_t)	0	static
../../Middlewares/ST/touchgfx/framework/include/touchgfx/TypedText.hpp:65:13:touchgfx::TypedText::~TypedText()	0	static
C:/TouchGFXProjects/Tetris/TouchGFX/gui/src/screen4_screen/Screen4View.cpp:300:6:virtual void Screen4View::tearDownScreen()	0	static
../../Middlewares/ST/touchgfx/framework/include/touchgfx/TypedText.hpp:65:13:virtual touchgfx::TypedText::~TypedText()	8	static
../../TouchGFX/gui/include/gui/screen4_screen/Screen4View.hpp:15:13:Screen4View::~Screen4View()	16	static
../../TouchGFX/gui/include/gui/screen4_screen/Screen4View.hpp:15:13:virtual Screen4View::~Screen4View()	8	static
../../Middlewares/ST/touchgfx/framework/include/touchgfx/Drawable.hpp:121:18:virtual void touchgfx::Drawable::invalidateContent() const	0	static
../../Middlewares/ST/touchgfx/framework/include/touchgfx/widgets/Widget.hpp:45:18:virtual void touchgfx::Widget::getLastChild(int16_t, int16_t, touchgfx::Drawable**)	0	static
../../Middlewares/ST/touchgfx/framework/include/touchgfx/Drawable.hpp:343:10:void touchgfx::Drawable::setXY(int16_t, int16_t)	16	static
../../Middlewares/ST/touchgfx/framework/include/touchgfx/widgets/Image.hpp:50:5:touchgfx::Image::Image(const touchgfx::Bitmap&)	8	static
C:/TouchGFXProjects/Tetris/TouchGFX/gui/src/screen4_screen/Screen4View.cpp:370:6:bool Screen4View::checkCollision(int, int, int)	24	static
C:/TouchGFXProjects/Tetris/TouchGFX/gui/src/screen4_screen/Screen4View.cpp:736:10:uint32_t Screen4View::simpleRandom()	0	static
C:/TouchGFXProjects/Tetris/TouchGFX/gui/src/screen4_screen/Screen4View.cpp:712:6:void Screen4View::shuffleBag()	24	static
C:/TouchGFXProjects/Tetris/TouchGFX/gui/src/screen4_screen/Screen4View.cpp:702:6:void Screen4View::initializeBag()	8	static
C:/TouchGFXProjects/Tetris/TouchGFX/gui/src/screen4_screen/Screen4View.cpp:725:5:int Screen4View::getNextShape()	16	static
C:/TouchGFXProjects/Tetris/TouchGFX/gui/src/screen4_screen/Screen4View.cpp:295:6:virtual void Screen4View::setupScreen()	0	static
C:/TouchGFXProjects/Tetris/TouchGFX/gui/src/screen4_screen/Screen4View.cpp:305:6:void Screen4View::drawTetromino(int, int, int)	64	static
C:/TouchGFXProjects/Tetris/TouchGFX/gui/src/screen4_screen/Screen4View.cpp:608:6:void Screen4View::rotateTetromino()	72	static
C:/TouchGFXProjects/Tetris/TouchGFX/gui/src/screen4_screen/Screen4View.cpp:327:6:void Screen4View::drawNextTetromino()	56	static
C:/TouchGFXProjects/Tetris/TouchGFX/gui/src/screen4_screen/Screen4View.cpp:236:1:Screen4View::Screen4View()	88	static
C:/TouchGFXProjects/Tetris/TouchGFX/gui/src/screen4_screen/Screen4View.cpp:676:6:void Screen4View::clearScreen()	40	static
C:/TouchGFXProjects/Tetris/TouchGFX/gui/src/screen4_screen/Screen4View.cpp:553:6:void Screen4View::createNewTetromino()	32	static
C:/TouchGFXProjects/Tetris/TouchGFX/gui/src/screen4_screen/Screen4View.cpp:392:6:void Screen4View::checkAndClearLines()	152	static
C:/TouchGFXProjects/Tetris/TouchGFX/gui/src/screen4_screen/Screen4View.cpp:472:6:void Screen4View::freezeTetromino()	56	static
C:/TouchGFXProjects/Tetris/TouchGFX/gui/src/screen4_screen/Screen4View.cpp:493:6:virtual void Screen4View::handleTickEvent()	32	static
