../../Middlewares/ST/touchgfx/framework/include/touchgfx/Screen.hpp:104:18:virtual void touchgfx::Screen::afterTransition()	0	static
../../Middlewares/ST/touchgfx/framework/include/touchgfx/Screen.hpp:144:18:virtual void touchgfx::Screen::handleTickEvent()	0	static
../../Middlewares/ST/touchgfx/framework/include/touchgfx/Screen.hpp:154:18:virtual void touchgfx::Screen::handleKeyEvent(uint8_t)	0	static
C:/TouchGFXProjects/MyApplication_2/TouchGFX/gui/src/screen2_screen/Screen2View.cpp:17:6:virtual void Screen2View::tearDownScreen()	0	static
C:/TouchGFXProjects/MyApplication_2/TouchGFX/gui/src/screen2_screen/Screen2View.cpp:22:6:virtual void Screen2View::turnOnMode1()	16	static
C:/TouchGFXProjects/MyApplication_2/TouchGFX/gui/src/screen2_screen/Screen2View.cpp:33:6:virtual void Screen2View::turnOnMode2()	16	static
../../TouchGFX/gui/include/gui/screen2_screen/Screen2View.hpp:11:13:Screen2View::~Screen2View()	8	static
../../TouchGFX/gui/include/gui/screen2_screen/Screen2View.hpp:11:13:virtual Screen2View::~Screen2View()	8	static
C:/TouchGFXProjects/MyApplication_2/TouchGFX/gui/src/screen2_screen/Screen2View.cpp:7:1:Screen2View::Screen2View()	8	static
C:/TouchGFXProjects/MyApplication_2/TouchGFX/gui/src/screen2_screen/Screen2View.cpp:12:6:virtual void Screen2View::setupScreen()	0	static
